<?xml version="1.0" encoding="UTF-8"?>
<TestRun id="c78fd06c-b03a-457d-bc5c-105ec69917c2" name="Nemanja@DNEVNA-SOBA 2014-03-01 01:27:37" runUser="DNEVNA-SOBA\Nemanja" xmlns="http://microsoft.com/schemas/VisualStudio/TeamTest/2010">
  <TestSettings name="Local" id="e92095fd-dfc3-4560-8d1f-742883501953">
    <Description>These are default test settings for a local test run.</Description>
    <Deployment userDeploymentRoot="C:\Documents and Settings\Nemanja\My Documents\Visual Studio 2008\Projects\PolovniAutomobili\TestResults" useDefaultDeploymentRoot="false" enabled="false" runDeploymentRoot="Nemanja_DNEVNA-SOBA 2014-03-01 01_27_37">
      <DeploymentItem filename="C:\Documents and Settings\Nemanja\My Documents\Visual Studio 2008\Projects\PolovniAutomobili\PolAutData\bin\Debug\PolAutData.dll" />
    </Deployment>
    <Execution>
      <TestTypeSpecific />
      <AgentRule name="Execution Agents">
      </AgentRule>
    </Execution>
  </TestSettings>
  <Times creation="2014-03-01T01:27:37.5937500+01:00" queuing="2014-03-01T01:27:48.6718750+01:00" start="2014-03-01T01:27:49.1875000+01:00" finish="2014-03-01T01:27:53.7968750+01:00" />
  <ResultSummary outcome="Completed">
    <Counters total="1" executed="1" passed="1" error="0" failed="0" timeout="0" aborted="0" inconclusive="0" passedButRunAborted="0" notRunnable="0" notExecuted="0" disconnected="0" warning="0" completed="0" inProgress="0" pending="0" />
  </ResultSummary>
  <TestDefinitions>
    <UnitTest name="OpenAndCloseConnection" storage="c:\documents and settings\nemanja\my documents\visual studio 2008\projects\polovniautomobili\testproject1\bin\debug\testproject1.dll" id="11c6a725-341b-5dfd-d497-0eb44cd1cc86">
      <Execution id="3e60da96-3ef9-4b3a-b411-0a95fa4044ab" />
      <TestMethod codeBase="C:/Documents and Settings/Nemanja/My Documents/Visual Studio 2008/Projects/PolovniAutomobili/TestProject1/bin/Debug/TestProject1.DLL" adapterTypeName="Microsoft.VisualStudio.TestTools.TestTypes.Unit.UnitTestAdapter, Microsoft.VisualStudio.QualityTools.Tips.UnitTest.Adapter, Version=10.0.0.0, Culture=neutral, PublicKeyToken=b03f5f7f11d50a3a" className="PolAutDataTest.Providers.Firebird.TestDataFirebird, TestProject1, Version=1.0.0.0, Culture=neutral, PublicKeyToken=null" name="OpenAndCloseConnection" />
    </UnitTest>
  </TestDefinitions>
  <TestLists>
    <TestList name="Results Not in a List" id="8c84fa94-04c1-424b-9868-57a2d4851a1d" />
    <TestList name="All Loaded Results" id="19431567-8539-422a-85d7-44ee4e166bda" />
  </TestLists>
  <TestEntries>
    <TestEntry testId="11c6a725-341b-5dfd-d497-0eb44cd1cc86" executionId="3e60da96-3ef9-4b3a-b411-0a95fa4044ab" testListId="8c84fa94-04c1-424b-9868-57a2d4851a1d" />
  </TestEntries>
  <Results>
    <UnitTestResult executionId="3e60da96-3ef9-4b3a-b411-0a95fa4044ab" testId="11c6a725-341b-5dfd-d497-0eb44cd1cc86" testName="OpenAndCloseConnection" computerName="DNEVNA-SOBA" duration="00:00:01.1505534" startTime="2014-03-01T01:27:49.5156250+01:00" endTime="2014-03-01T01:27:53.0625000+01:00" testType="13cdc9d9-ddb5-4fa4-a97d-d965ccfc6d4b" outcome="Passed" testListId="8c84fa94-04c1-424b-9868-57a2d4851a1d" relativeResultsDirectory="3e60da96-3ef9-4b3a-b411-0a95fa4044ab">
    </UnitTestResult>
  </Results>
</TestRun>